using pyfftw
using [rtf] links from config
RTF links: [['SGO', 'DOB'], ['Ramfjordmoen', 'DOB'], ['Juliusruh', 'DOB']]
using pyfftw
using [rtf] links from config
RTF links: [['SGO', 'DOB'], ['Ramfjordmoen', 'DOB'], ['Juliusruh', 'DOB']]
plotting RTF SGO -> DOB
creating RTI and RTF
not enough soundings SGO DOB
plotting RTF Ramfjordmoen -> DOB
creating RTI and RTF
saved /tmp/latest-rti-Ramfjordmoen-DOB.png
plotting RTF Juliusruh -> DOB
creating RTI and RTF
saved /tmp/latest-rti-Juliusruh-DOB.png
plot_rtf.py: realtime supervisor rss 110.5 MB
using pyfftw
using [rtf] links from config
RTF links: [['SGO', 'DOB'], ['Ramfjordmoen', 'DOB'], ['Juliusruh', 'DOB']]
plotting RTF SGO -> DOB
creating RTI and RTF
not enough soundings SGO DOB
plotting RTF Ramfjordmoen -> DOB
creating RTI and RTF
saved /tmp/latest-rti-Ramfjordmoen-DOB.png
plotting RTF Juliusruh -> DOB
creating RTI and RTF
saved /tmp/latest-rti-Juliusruh-DOB.png
plot_rtf.py: realtime supervisor rss 110.5 MB
using pyfftw
using [rtf] links from config
RTF links: [['SGO', 'DOB'], ['Ramfjordmoen', 'DOB'], ['Juliusruh', 'DOB']]
plotting RTF SGO -> DOB
creating RTI and RTF
not enough soundings SGO DOB
plotting RTF Ramfjordmoen -> DOB
creating RTI and RTF
saved /tmp/latest-rti-Ramfjordmoen-DOB.png
plotting RTF Juliusruh -> DOB
creating RTI and RTF
saved /tmp/latest-rti-Juliusruh-DOB.png
plot_rtf.py: realtime supervisor rss 110.5 MB
using pyfftw
using [rtf] links from config
RTF links: [['SGO', 'DOB'], ['Ramfjordmoen', 'DOB'], ['Juliusruh', 'DOB']]
plotting RTF SGO -> DOB
creating RTI and RTF
not enough soundings SGO DOB
plotting RTF Ramfjordmoen -> DOB
creating RTI and RTF
saved /tmp/latest-rti-Ramfjordmoen-DOB.png
plotting RTF Juliusruh -> DOB
creating RTI and RTF
saved /tmp/latest-rti-Juliusruh-DOB.png
plot_rtf.py: realtime supervisor rss 110.5 MB
using pyfftw
using [rtf] links from config
RTF links: [['SGO', 'DOB'], ['Ramfjordmoen', 'DOB'], ['Juliusruh', 'DOB']]
plotting RTF SGO -> DOB
creating RTI and RTF
not enough soundings SGO DOB
plotting RTF Ramfjordmoen -> DOB
creating RTI and RTF
saved /tmp/latest-rti-Ramfjordmoen-DOB.png
plotting RTF Juliusruh -> DOB
creating RTI and RTF
saved /tmp/latest-rti-Juliusruh-DOB.png
plot_rtf.py: realtime supervisor rss 110.5 MB
using pyfftw
using [rtf] links from config
RTF links: [['SGO', 'DOB'], ['Ramfjordmoen', 'DOB'], ['Juliusruh', 'DOB']]
plotting RTF SGO -> DOB
creating RTI and RTF
not enough soundings SGO DOB
plotting RTF Ramfjordmoen -> DOB
creating RTI and RTF
saved /tmp/latest-rti-Ramfjordmoen-DOB.png
plotting RTF Juliusruh -> DOB
creating RTI and RTF
saved /tmp/latest-rti-Juliusruh-DOB.png
plot_rtf.py: realtime supervisor rss 110.5 MB
using pyfftw
using [rtf] links from config
RTF links: [['SGO', 'DOB'], ['Ramfjordmoen', 'DOB'], ['Juliusruh', 'DOB']]
plotting RTF SGO -> DOB
creating RTI and RTF
not enough soundings SGO DOB
plotting RTF Ramfjordmoen -> DOB
creating RTI and RTF
saved /tmp/latest-rti-Ramfjordmoen-DOB.png
plotting RTF Juliusruh -> DOB
creating RTI and RTF
saved /tmp/latest-rti-Juliusruh-DOB.png
plot_rtf.py: realtime supervisor rss 110.5 MB
using pyfftw
using [rtf] links from config
RTF links: [['SGO', 'DOB'], ['Ramfjordmoen', 'DOB'], ['Juliusruh', 'DOB']]
plotting RTF SGO -> DOB
creating RTI and RTF
not enough soundings SGO DOB
plotting RTF Ramfjordmoen -> DOB
creating RTI and RTF
saved /tmp/latest-rti-Ramfjordmoen-DOB.png
plotting RTF Juliusruh -> DOB
creating RTI and RTF
saved /tmp/latest-rti-Juliusruh-DOB.png
plot_rtf.py: realtime supervisor rss 110.5 MB
using pyfftw
using [rtf] links from config
RTF links: [['SGO', 'DOB'], ['Ramfjordmoen', 'DOB'], ['Juliusruh', 'DOB']]
plotting RTF SGO -> DOB
creating RTI and RTF
not enough soundings SGO DOB
plotting RTF Ramfjordmoen -> DOB
creating RTI and RTF
saved /tmp/latest-rti-Ramfjordmoen-DOB.png
plotting RTF Juliusruh -> DOB
creating RTI and RTF
saved /tmp/latest-rti-Juliusruh-DOB.png
plot_rtf.py: realtime supervisor rss 110.5 MB
using pyfftw
using [rtf] links from config
RTF links: [['SGO', 'DOB'], ['Ramfjordmoen', 'DOB'], ['Juliusruh', 'DOB']]
plotting RTF SGO -> DOB
creating RTI and RTF
not enough soundings SGO DOB
plotting RTF Ramfjordmoen -> DOB
creating RTI and RTF
saved /tmp/latest-rti-Ramfjordmoen-DOB.png
plotting RTF Juliusruh -> DOB
creating RTI and RTF
saved /tmp/latest-rti-Juliusruh-DOB.png
plot_rtf.py: realtime supervisor rss 110.5 MB
using pyfftw
using [rtf] links from config
RTF links: [['SGO', 'DOB'], ['Ramfjordmoen', 'DOB'], ['Juliusruh', 'DOB']]
plotting RTF SGO -> DOB
creating RTI and RTF
not enough soundings SGO DOB
plotting RTF Ramfjordmoen -> DOB
creating RTI and RTF
saved /tmp/latest-rti-Ramfjordmoen-DOB.png
plotting RTF Juliusruh -> DOB
creating RTI and RTF
saved /tmp/latest-rti-Juliusruh-DOB.png
plot_rtf.py: realtime supervisor rss 110.5 MB
using pyfftw
using [rtf] links from config
RTF links: [['SGO', 'DOB'], ['Ramfjordmoen', 'DOB'], ['Juliusruh', 'DOB']]
plotting RTF SGO -> DOB
creating RTI and RTF
not enough soundings SGO DOB
plotting RTF Ramfjordmoen -> DOB
creating RTI and RTF
saved /tmp/latest-rti-Ramfjordmoen-DOB.png
plotting RTF Juliusruh -> DOB
creating RTI and RTF
saved /tmp/latest-rti-Juliusruh-DOB.png
plot_rtf.py: realtime supervisor rss 110.5 MB
using pyfftw
using [rtf] links from config
RTF links: [['SGO', 'DOB'], ['Ramfjordmoen', 'DOB'], ['Juliusruh', 'DOB']]
plotting RTF SGO -> DOB
creating RTI and RTF
not enough soundings SGO DOB
plotting RTF Ramfjordmoen -> DOB
creating RTI and RTF
saved /tmp/latest-rti-Ramfjordmoen-DOB.png
plotting RTF Juliusruh -> DOB
creating RTI and RTF
saved /tmp/latest-rti-Juliusruh-DOB.png
plot_rtf.py: realtime supervisor rss 110.5 MB
using pyfftw
using [rtf] links from config
RTF links: [['SGO', 'DOB'], ['Ramfjordmoen', 'DOB'], ['Juliusruh', 'DOB']]
plotting RTF SGO -> DOB
creating RTI and RTF
not enough soundings SGO DOB
plotting RTF Ramfjordmoen -> DOB
creating RTI and RTF
saved /tmp/latest-rti-Ramfjordmoen-DOB.png
plotting RTF Juliusruh -> DOB
creating RTI and RTF
saved /tmp/latest-rti-Juliusruh-DOB.png
plot_rtf.py: realtime supervisor rss 110.5 MB
using pyfftw
using [rtf] links from config
RTF links: [['SGO', 'DOB'], ['Ramfjordmoen', 'DOB'], ['Juliusruh', 'DOB']]
plotting RTF SGO -> DOB
creating RTI and RTF
not enough soundings SGO DOB
plotting RTF Ramfjordmoen -> DOB
creating RTI and RTF
saved /tmp/latest-rti-Ramfjordmoen-DOB.png
plotting RTF Juliusruh -> DOB
creating RTI and RTF
saved /tmp/latest-rti-Juliusruh-DOB.png
plot_rtf.py: realtime supervisor rss 110.5 MB
using pyfftw
using [rtf] links from config
RTF links: [['SGO', 'DOB'], ['Ramfjordmoen', 'DOB'], ['Juliusruh', 'DOB']]
plotting RTF SGO -> DOB
creating RTI and RTF
not enough soundings SGO DOB
plotting RTF Ramfjordmoen -> DOB
creating RTI and RTF
saved /tmp/latest-rti-Ramfjordmoen-DOB.png
plotting RTF Juliusruh -> DOB
creating RTI and RTF
saved /tmp/latest-rti-Juliusruh-DOB.png
plot_rtf.py: realtime supervisor rss 110.5 MB
using pyfftw
using [rtf] links from config
RTF links: [['SGO', 'DOB'], ['Ramfjordmoen', 'DOB'], ['Juliusruh', 'DOB']]
plotting RTF SGO -> DOB
creating RTI and RTF
not enough soundings SGO DOB
plotting RTF Ramfjordmoen -> DOB
creating RTI and RTF
saved /tmp/latest-rti-Ramfjordmoen-DOB.png
plotting RTF Juliusruh -> DOB
creating RTI and RTF
saved /tmp/latest-rti-Juliusruh-DOB.png
plot_rtf.py: realtime supervisor rss 110.5 MB
using pyfftw
using [rtf] links from config
RTF links: [['SGO', 'DOB'], ['Ramfjordmoen', 'DOB'], ['Juliusruh', 'DOB']]
plotting RTF SGO -> DOB
creating RTI and RTF
not enough soundings SGO DOB
plotting RTF Ramfjordmoen -> DOB
creating RTI and RTF
saved /tmp/latest-rti-Ramfjordmoen-DOB.png
plotting RTF Juliusruh -> DOB
creating RTI and RTF
saved /tmp/latest-rti-Juliusruh-DOB.png
plot_rtf.py: realtime supervisor rss 110.5 MB
using pyfftw
using [rtf] links from config
RTF links: [['SGO', 'DOB'], ['Ramfjordmoen', 'DOB'], ['Juliusruh', 'DOB']]
plotting RTF SGO -> DOB
creating RTI and RTF
not enough soundings SGO DOB
plotting RTF Ramfjordmoen -> DOB
creating RTI and RTF
saved /tmp/latest-rti-Ramfjordmoen-DOB.png
plotting RTF Juliusruh -> DOB
creating RTI and RTF
saved /tmp/latest-rti-Juliusruh-DOB.png
plot_rtf.py: realtime supervisor rss 110.5 MB
using pyfftw
using [rtf] links from config
RTF links: [['SGO', 'DOB'], ['Ramfjordmoen', 'DOB'], ['Juliusruh', 'DOB']]
plotting RTF SGO -> DOB
creating RTI and RTF
not enough soundings SGO DOB
plotting RTF Ramfjordmoen -> DOB
creating RTI and RTF
saved /tmp/latest-rti-Ramfjordmoen-DOB.png
plotting RTF Juliusruh -> DOB
creating RTI and RTF
saved /tmp/latest-rti-Juliusruh-DOB.png
plot_rtf.py: realtime supervisor rss 110.5 MB
using pyfftw
using [rtf] links from config
RTF links: [['SGO', 'DOB'], ['Ramfjordmoen', 'DOB'], ['Juliusruh', 'DOB']]
plotting RTF SGO -> DOB
creating RTI and RTF
not enough soundings SGO DOB
plotting RTF Ramfjordmoen -> DOB
creating RTI and RTF
saved /tmp/latest-rti-Ramfjordmoen-DOB.png
plotting RTF Juliusruh -> DOB
creating RTI and RTF
saved /tmp/latest-rti-Juliusruh-DOB.png
plot_rtf.py: realtime supervisor rss 110.5 MB
using pyfftw
using [rtf] links from config
RTF links: [['SGO', 'DOB'], ['Ramfjordmoen', 'DOB'], ['Juliusruh', 'DOB']]
plotting RTF SGO -> DOB
creating RTI and RTF
not enough soundings SGO DOB
plotting RTF Ramfjordmoen -> DOB
creating RTI and RTF
saved /tmp/latest-rti-Ramfjordmoen-DOB.png
plotting RTF Juliusruh -> DOB
creating RTI and RTF
saved /tmp/latest-rti-Juliusruh-DOB.png
plot_rtf.py: realtime supervisor rss 110.5 MB
using pyfftw
using [rtf] links from config
RTF links: [['SGO', 'DOB'], ['Ramfjordmoen', 'DOB'], ['Juliusruh', 'DOB']]
plotting RTF SGO -> DOB
creating RTI and RTF
not enough soundings SGO DOB
plotting RTF Ramfjordmoen -> DOB
creating RTI and RTF
saved /tmp/latest-rti-Ramfjordmoen-DOB.png
plotting RTF Juliusruh -> DOB
creating RTI and RTF
saved /tmp/latest-rti-Juliusruh-DOB.png
plot_rtf.py: realtime supervisor rss 110.5 MB
using pyfftw
using [rtf] links from config
RTF links: [['SGO', 'DOB'], ['Ramfjordmoen', 'DOB'], ['Juliusruh', 'DOB']]
plotting RTF SGO -> DOB
creating RTI and RTF
not enough soundings SGO DOB
plotting RTF Ramfjordmoen -> DOB
creating RTI and RTF
saved /tmp/latest-rti-Ramfjordmoen-DOB.png
plotting RTF Juliusruh -> DOB
creating RTI and RTF
saved /tmp/latest-rti-Juliusruh-DOB.png
plot_rtf.py: realtime supervisor rss 110.5 MB
using pyfftw
using [rtf] links from config
RTF links: [['SGO', 'DOB'], ['Ramfjordmoen', 'DOB'], ['Juliusruh', 'DOB']]
plotting RTF SGO -> DOB
creating RTI and RTF
not enough soundings SGO DOB
plotting RTF Ramfjordmoen -> DOB
creating RTI and RTF
saved /tmp/latest-rti-Ramfjordmoen-DOB.png
plotting RTF Juliusruh -> DOB
creating RTI and RTF
saved /tmp/latest-rti-Juliusruh-DOB.png
plot_rtf.py: realtime supervisor rss 110.5 MB
using pyfftw
using [rtf] links from config
RTF links: [['SGO', 'DOB'], ['Ramfjordmoen', 'DOB'], ['Juliusruh', 'DOB']]
plotting RTF SGO -> DOB
creating RTI and RTF
not enough soundings SGO DOB
plotting RTF Ramfjordmoen -> DOB
creating RTI and RTF
saved /tmp/latest-rti-Ramfjordmoen-DOB.png
plotting RTF Juliusruh -> DOB
creating RTI and RTF
saved /tmp/latest-rti-Juliusruh-DOB.png
plot_rtf.py: realtime supervisor rss 110.5 MB
using pyfftw
using [rtf] links from config
RTF links: [['SGO', 'DOB'], ['Ramfjordmoen', 'DOB'], ['Juliusruh', 'DOB']]
plotting RTF SGO -> DOB
creating RTI and RTF
not enough soundings SGO DOB
plotting RTF Ramfjordmoen -> DOB
creating RTI and RTF
saved /tmp/latest-rti-Ramfjordmoen-DOB.png
plotting RTF Juliusruh -> DOB
creating RTI and RTF
saved /tmp/latest-rti-Juliusruh-DOB.png
plot_rtf.py: realtime supervisor rss 110.5 MB
using pyfftw
using [rtf] links from config
RTF links: [['SGO', 'DOB'], ['Ramfjordmoen', 'DOB'], ['Juliusruh', 'DOB']]
plotting RTF SGO -> DOB
creating RTI and RTF
not enough soundings SGO DOB
plotting RTF Ramfjordmoen -> DOB
creating RTI and RTF
saved /tmp/latest-rti-Ramfjordmoen-DOB.png
plotting RTF Juliusruh -> DOB
creating RTI and RTF
saved /tmp/latest-rti-Juliusruh-DOB.png
plot_rtf.py: realtime supervisor rss 110.5 MB
